(Worker_TP3_DCP3 pid=180) [hybrid] model.layers.57.mlp.experts: 64NVFP4 + 192NF3 (tp3/4 I=512)
(Worker_TP1_DCP1 pid=178) [hybrid] model.layers.55.mlp.experts: 64NVFP4 + 192NF3 (tp1/4 I=512)
(Worker_TP2_DCP2 pid=179) [hybrid] model.layers.54.mlp.experts: 64NVFP4 + 192NF3 (tp2/4 I=512)
(Worker_TP0_DCP0 pid=177) INFO 07-13 04:11:24 [deepseek_v2.py:1179] Using index_topk_pattern/index_topk_freq to skip sparse MLA indexer computation on layer 56.
(Worker_TP3_DCP3 pid=180) [hybrid] model.layers.58.mlp.experts: 64NVFP4 + 192NF3 (tp3/4 I=512)
(Worker_TP0_DCP0 pid=177) [hybrid] model.layers.56.mlp.experts: 64NVFP4 + 192NF3 (tp0/4 I=512)
(Worker_TP2_DCP2 pid=179) [hybrid] model.layers.55.mlp.experts: 64NVFP4 + 192NF3 (tp2/4 I=512)
(Worker_TP1_DCP1 pid=178) [hybrid] model.layers.56.mlp.experts: 64NVFP4 + 192NF3 (tp1/4 I=512)
(Worker_TP0_DCP0 pid=177) INFO 07-13 04:11:24 [deepseek_v2.py:1179] Using index_topk_pattern/index_topk_freq to skip sparse MLA indexer computation on layer 57.
(Worker_TP3_DCP3 pid=180) [hybrid] model.layers.59.mlp.experts: 64NVFP4 + 192NF3 (tp3/4 I=512)
(Worker_TP0_DCP0 pid=177) [hybrid] model.layers.57.mlp.experts: 64NVFP4 + 192NF3 (tp0/4 I=512)
(Worker_TP2_DCP2 pid=179) [hybrid] model.layers.56.mlp.experts: 64NVFP4 + 192NF3 (tp2/4 I=512)
(Worker_TP1_DCP1 pid=178) [hybrid] model.layers.57.mlp.experts: 64NVFP4 + 192NF3 (tp1/4 I=512)
(Worker_TP3_DCP3 pid=180) [hybrid] model.layers.60.mlp.experts: 64NVFP4 + 192NF3 (tp3/4 I=512)
(Worker_TP0_DCP0 pid=177) [hybrid] model.layers.58.mlp.experts: 64NVFP4 + 192NF3 (tp0/4 I=512)
(Worker_TP2_DCP2 pid=179) [hybrid] model.layers.57.mlp.experts: 64NVFP4 + 192NF3 (tp2/4 I=512)
(Worker_TP1_DCP1 pid=178) [hybrid] model.layers.58.mlp.experts: 64NVFP4 + 192NF3 (tp1/4 I=512)
(Worker_TP0_DCP0 pid=177) INFO 07-13 04:11:24 [deepseek_v2.py:1179] Using index_topk_pattern/index_topk_freq to skip sparse MLA indexer computation on layer 59.
(Worker_TP3_DCP3 pid=180) [hybrid] model.layers.61.mlp.experts: 64NVFP4 + 192NF3 (tp3/4 I=512)
(Worker_TP0_DCP0 pid=177) [hybrid] model.layers.59.mlp.experts: 64NVFP4 + 192NF3 (tp0/4 I=512)
(Worker_TP2_DCP2 pid=179) [hybrid] model.layers.58.mlp.experts: 64NVFP4 + 192NF3 (tp2/4 I=512)
(Worker_TP1_DCP1 pid=178) [hybrid] model.layers.59.mlp.experts: 64NVFP4 + 192NF3 (tp1/4 I=512)
(Worker_TP0_DCP0 pid=177) INFO 07-13 04:11:24 [deepseek_v2.py:1179] Using index_topk_pattern/index_topk_freq to skip sparse MLA indexer computation on layer 60.
(Worker_TP3_DCP3 pid=180) [hybrid] model.layers.62.mlp.experts: 64NVFP4 + 192NF3 (tp3/4 I=512)
(Worker_TP0_DCP0 pid=177) [hybrid] model.layers.60.mlp.experts: 64NVFP4 + 192NF3 (tp0/4 I=512)
(Worker_TP2_DCP2 pid=179) [hybrid] model.layers.59.mlp.experts: 64NVFP4 + 192NF3 (tp2/4 I=512)
(Worker_TP1_DCP1 pid=178) [hybrid] model.layers.60.mlp.experts: 64NVFP4 + 192NF3 (tp1/4 I=512)
(Worker_TP3_DCP3 pid=180) [hybrid] model.layers.63.mlp.experts: 64NVFP4 + 192NF3 (tp3/4 I=512)
(Worker_TP0_DCP0 pid=177) INFO 07-13 04:11:24 [deepseek_v2.py:1179] Using index_topk_pattern/index_topk_freq to skip sparse MLA indexer computation on layer 61.
(Worker_TP0_DCP0 pid=177) [hybrid] model.layers.61.mlp.experts: 64NVFP4 + 192NF3 (tp0/4 I=512)
(Worker_TP2_DCP2 pid=179) [hybrid] model.layers.60.mlp.experts: 64NVFP4 + 192NF3 (tp2/4 I=512)
(Worker_TP1_DCP1 pid=178) [hybrid] model.layers.61.mlp.experts: 64NVFP4 + 192NF3 (tp1/4 I=512)
(Worker_TP3_DCP3 pid=180) [hybrid_loader] mxfp8 overlay #256: model.layers.64.mlp.shared_experts.down_proj
(Worker_TP3_DCP3 pid=180) [hybrid] model.layers.64.mlp.experts: 64NVFP4 + 192NF3 (tp3/4 I=512)
(Worker_TP0_DCP0 pid=177) [hybrid] model.layers.62.mlp.experts: 64NVFP4 + 192NF3 (tp0/4 I=512)
(Worker_TP2_DCP2 pid=179) [hybrid] model.layers.61.mlp.experts: 64NVFP4 + 192NF3 (tp2/4 I=512)
(Worker_TP1_DCP1 pid=178) [hybrid] model.layers.62.mlp.experts: 64NVFP4 + 192NF3 (tp1/4 I=512)
(Worker_TP0_DCP0 pid=177) INFO 07-13 04:11:24 [deepseek_v2.py:1179] Using index_topk_pattern/index_topk_freq to skip sparse MLA indexer computation on layer 63.
(Worker_TP0_DCP0 pid=177) [hybrid] model.layers.63.mlp.experts: 64NVFP4 + 192NF3 (tp0/4 I=512)
(Worker_TP3_DCP3 pid=180) [hybrid] model.layers.65.mlp.experts: 64NVFP4 + 192NF3 (tp3/4 I=512)
(Worker_TP2_DCP2 pid=179) [hybrid] model.layers.62.mlp.experts: 64NVFP4 + 192NF3 (tp2/4 I=512)
(Worker_TP1_DCP1 pid=178) [hybrid] model.layers.63.mlp.experts: 64NVFP4 + 192NF3 (tp1/4 I=512)
(Worker_TP0_DCP0 pid=177) INFO 07-13 04:11:24 [deepseek_v2.py:1179] Using index_topk_pattern/index_topk_freq to skip sparse MLA indexer computation on layer 64.
(Worker_TP0_DCP0 pid=177) [hybrid_loader] mxfp8 overlay #256: model.layers.64.mlp.shared_experts.down_proj
(Worker_TP0_DCP0 pid=177) [hybrid] model.layers.64.mlp.experts: 64NVFP4 + 192NF3 (tp0/4 I=512)
(Worker_TP3_DCP3 pid=180) [hybrid] model.layers.66.mlp.experts: 64NVFP4 + 192NF3 (tp3/4 I=512)
(Worker_TP2_DCP2 pid=179) [hybrid] model.layers.63.mlp.experts: 64NVFP4 + 192NF3 (tp2/4 I=512)
(Worker_TP1_DCP1 pid=178) [hybrid_loader] mxfp8 overlay #256: model.layers.64.mlp.shared_experts.down_proj
(Worker_TP1_DCP1 pid=178) [hybrid] model.layers.64.mlp.experts: 64NVFP4 + 192NF3 (tp1/4 I=512)
(Worker_TP0_DCP0 pid=177) INFO 07-13 04:11:24 [deepseek_v2.py:1179] Using index_topk_pattern/index_topk_freq to skip sparse MLA indexer computation on layer 65.
(Worker_TP0_DCP0 pid=177) [hybrid] model.layers.65.mlp.experts: 64NVFP4 + 192NF3 (tp0/4 I=512)
(Worker_TP3_DCP3 pid=180) [hybrid] model.layers.67.mlp.experts: 64NVFP4 + 192NF3 (tp3/4 I=512)
(Worker_TP2_DCP2 pid=179) [hybrid_loader] mxfp8 overlay #256: model.layers.64.mlp.shared_experts.down_proj
(Worker_TP1_DCP1 pid=178) [hybrid] model.layers.65.mlp.experts: 64NVFP4 + 192NF3 (tp1/4 I=512)
(Worker_TP2_DCP2 pid=179) [hybrid] model.layers.64.mlp.experts: 64NVFP4 + 192NF3 (tp2/4 I=512)
(Worker_TP0_DCP0 pid=177) [hybrid] model.layers.66.mlp.experts: 64NVFP4 + 192NF3 (tp0/4 I=512)
(Worker_TP3_DCP3 pid=180) [hybrid] model.layers.68.mlp.experts: 64NVFP4 + 192NF3 (tp3/4 I=512)
(Worker_TP1_DCP1 pid=178) [hybrid] model.layers.66.mlp.experts: 64NVFP4 + 192NF3 (tp1/4 I=512)
(Worker_TP2_DCP2 pid=179) [hybrid] model.layers.65.mlp.experts: 64NVFP4 + 192NF3 (tp2/4 I=512)
(Worker_TP0_DCP0 pid=177) INFO 07-13 04:11:24 [deepseek_v2.py:1179] Using index_topk_pattern/index_topk_freq to skip sparse MLA indexer computation on layer 67.
(Worker_TP0_DCP0 pid=177) [hybrid] model.layers.67.mlp.experts: 64NVFP4 + 192NF3 (tp0/4 I=512)
(Worker_TP1_DCP1 pid=178) [hybrid] model.layers.67.mlp.experts: 64NVFP4 + 192NF3 (tp1/4 I=512)
(Worker_TP3_DCP3 pid=180) [hybrid] model.layers.69.mlp.experts: 64NVFP4 + 192NF3 (tp3/4 I=512)
(Worker_TP2_DCP2 pid=179) [hybrid] model.layers.66.mlp.experts: 64NVFP4 + 192NF3 (tp2/4 I=512)
(Worker_TP0_DCP0 pid=177) INFO 07-13 04:11:24 [deepseek_v2.py:1179] Using index_topk_pattern/index_topk_freq to skip sparse MLA indexer computation on layer 68.
(Worker_TP0_DCP0 pid=177) [hybrid] model.layers.68.mlp.experts: 64NVFP4 + 192NF3 (tp0/4 I=512)
(Worker_TP1_DCP1 pid=178) [hybrid] model.layers.68.mlp.experts: 64NVFP4 + 192NF3 (tp1/4 I=512)
(Worker_TP3_DCP3 pid=180) [hybrid] model.layers.70.mlp.experts: 64NVFP4 + 192NF3 (tp3/4 I=512)
(Worker_TP0_DCP0 pid=177) INFO 07-13 04:11:24 [deepseek_v2.py:1179] Using index_topk_pattern/index_topk_freq to skip sparse MLA indexer computation on layer 69.
(Worker_TP2_DCP2 pid=179) [hybrid] model.layers.67.mlp.experts: 64NVFP4 + 192NF3 (tp2/4 I=512)
(Worker_TP0_DCP0 pid=177) [hybrid] model.layers.69.mlp.experts: 64NVFP4 + 192NF3 (tp0/4 I=512)
(Worker_TP1_DCP1 pid=178) [hybrid] model.layers.69.mlp.experts: 64NVFP4 + 192NF3 (tp1/4 I=512)
(Worker_TP3_DCP3 pid=180) [hybrid] model.layers.71.mlp.experts: 64NVFP4 + 192NF3 (tp3/4 I=512)
(Worker_TP2_DCP2 pid=179) [hybrid] model.layers.68.mlp.experts: 64NVFP4 + 192NF3 (tp2/4 I=512)
(Worker_TP0_DCP0 pid=177) [hybrid] model.layers.70.mlp.experts: 64NVFP4 + 192NF3 (tp0/4 I=512)
(Worker_TP3_DCP3 pid=180) [hybrid] model.layers.72.mlp.experts: 64NVFP4 + 192NF3 (tp3/4 I=512)
(Worker_TP1_DCP1 pid=178) [hybrid] model.layers.70.mlp.experts: 64NVFP4 + 192NF3 (tp1/4 I=512)
(Worker_TP2_DCP2 pid=179) [hybrid] model.layers.69.mlp.experts: 64NVFP4 + 192NF3 (tp2/4 I=512)
(Worker_TP0_DCP0 pid=177) INFO 07-13 04:11:24 [deepseek_v2.py:1179] Using index_topk_pattern/index_topk_freq to skip sparse MLA indexer computation on layer 71.
(Worker_TP1_DCP1 pid=178) [hybrid] model.layers.71.mlp.experts: 64NVFP4 + 192NF3 (tp1/4 I=512)
(Worker_TP0_DCP0 pid=177) [hybrid] model.layers.71.mlp.experts: 64NVFP4 + 192NF3 (tp0/4 I=512)
(Worker_TP3_DCP3 pid=180) [hybrid] model.layers.73.mlp.experts: 64NVFP4 + 192NF3 (tp3/4 I=512)
(Worker_TP2_DCP2 pid=179) [hybrid] model.layers.70.mlp.experts: 64NVFP4 + 192NF3 (tp2/4 I=512)
(Worker_TP0_DCP0 pid=177) INFO 07-13 04:11:24 [deepseek_v2.py:1179] Using index_topk_pattern/index_topk_freq to skip sparse MLA indexer computation on layer 72.
(Worker_TP1_DCP1 pid=178) [hybrid] model.layers.72.mlp.experts: 64NVFP4 + 192NF3 (tp1/4 I=512)
(Worker_TP0_DCP0 pid=177) [hybrid] model.layers.72.mlp.experts: 64NVFP4 + 192NF3 (tp0/4 I=512)
(Worker_TP3_DCP3 pid=180) [hybrid] model.layers.74.mlp.experts: 64NVFP4 + 192NF3 (tp3/4 I=512)
(Worker_TP2_DCP2 pid=179) [hybrid] model.layers.71.mlp.experts: 64NVFP4 + 192NF3 (tp2/4 I=512)
(Worker_TP0_DCP0 pid=177) INFO 07-13 04:11:24 [deepseek_v2.py:1179] Using index_topk_pattern/index_topk_freq to skip sparse MLA indexer computation on layer 73.
(Worker_TP1_DCP1 pid=178) [hybrid] model.layers.73.mlp.experts: 64NVFP4 + 192NF3 (tp1/4 I=512)
(Worker_TP0_DCP0 pid=177) [hybrid] model.layers.73.mlp.experts: 64NVFP4 + 192NF3 (tp0/4 I=512)
(Worker_TP3_DCP3 pid=180) [hybrid] model.layers.75.mlp.experts: 64NVFP4 + 192NF3 (tp3/4 I=512)
(Worker_TP2_DCP2 pid=179) [hybrid] model.layers.72.mlp.experts: 64NVFP4 + 192NF3 (tp2/4 I=512)
(Worker_TP1_DCP1 pid=178) [hybrid] model.layers.74.mlp.experts: 64NVFP4 + 192NF3 (tp1/4 I=512)
(Worker_TP3_DCP3 pid=180) [hybrid] model.layers.76.mlp.experts: 64NVFP4 + 192NF3 (tp3/4 I=512)
(Worker_TP0_DCP0 pid=177) [hybrid] model.layers.74.mlp.experts: 64NVFP4 + 192NF3 (tp0/4 I=512)
(Worker_TP2_DCP2 pid=179) [hybrid] model.layers.73.mlp.experts: 64NVFP4 + 192NF3 (tp2/4 I=512)
(Worker_TP1_DCP1 pid=178) [hybrid] model.layers.75.mlp.experts: 64NVFP4 + 192NF3 (tp1/4 I=512)
(Worker_TP0_DCP0 pid=177) INFO 07-13 04:11:24 [deepseek_v2.py:1179] Using index_topk_pattern/index_topk_freq to skip sparse MLA indexer computation on layer 75.
(Worker_TP3_DCP3 pid=180) [hybrid] model.layers.77.mlp.experts: 64NVFP4 + 192NF3 (tp3/4 I=512)
(Worker_TP0_DCP0 pid=177) [hybrid] model.layers.75.mlp.experts: 64NVFP4 + 192NF3 (tp0/4 I=512)
(Worker_TP2_DCP2 pid=179) [hybrid] model.layers.74.mlp.experts: 64NVFP4 + 192NF3 (tp2/4 I=512)
(Worker_TP1_DCP1 pid=178) [hybrid] model.layers.76.mlp.experts: 64NVFP4 + 192NF3 (tp1/4 I=512)
(Worker_TP3_DCP3 pid=180) [hybrid] layer 77: tr3 slabs allocated (0.64 GiB/rank, Km=192)
(Worker_TP0_DCP0 pid=177) INFO 07-13 04:11:24 [deepseek_v2.py:1179] Using index_topk_pattern/index_topk_freq to skip sparse MLA indexer computation on layer 76.
(Worker_TP0_DCP0 pid=177) [hybrid] model.layers.76.mlp.experts: 64NVFP4 + 192NF3 (tp0/4 I=512)
(Worker_TP2_DCP2 pid=179) [hybrid] model.layers.75.mlp.experts: 64NVFP4 + 192NF3 (tp2/4 I=512)
(Worker_TP1_DCP1 pid=178) [hybrid] model.layers.77.mlp.experts: 64NVFP4 + 192NF3 (tp1/4 I=512)
(Worker_TP0_DCP0 pid=177) INFO 07-13 04:11:24 [deepseek_v2.py:1179] Using index_topk_pattern/index_topk_freq to skip sparse MLA indexer computation on layer 77.
(Worker_TP0_DCP0 pid=177) [hybrid] model.layers.77.mlp.experts: 64NVFP4 + 192NF3 (tp0/4 I=512)
(Worker_TP1_DCP1 pid=178) [hybrid] layer 77: tr3 slabs allocated (0.64 GiB/rank, Km=192)
(Worker_TP0_DCP0 pid=177) [hybrid] layer 77: tr3 slabs allocated (0.64 GiB/rank, Km=192)
(Worker_TP2_DCP2 pid=179) [hybrid] model.layers.76.mlp.experts: 64NVFP4 + 192NF3 (tp2/4 I=512)
(Worker_TP2_DCP2 pid=179) [hybrid] model.layers.77.mlp.experts: 64NVFP4 + 192NF3 (tp2/4 I=512)
(Worker_TP2_DCP2 pid=179) [hybrid] layer 77: tr3 slabs allocated (0.64 GiB/rank, Km=192)
(Worker_TP0_DCP0 pid=177) Exception in thread Thread-1 (_report_usage_worker):
(Worker_TP0_DCP0 pid=177) Traceback (most recent call last):
(Worker_TP0_DCP0 pid=177)   File "/usr/lib/python3.12/threading.py", line 1073, in _bootstrap_inner
(Worker_TP0_DCP0 pid=177)     self.run()
(Worker_TP0_DCP0 pid=177)   File "/usr/lib/python3.12/threading.py", line 1010, in run
(Worker_TP0_DCP0 pid=177)     self._target(*self._args, **self._kwargs)
(Worker_TP0_DCP0 pid=177)   File "/opt/venv/lib/python3.12/site-packages/vllm/usage/usage_lib.py", line 173, in _report_usage_worker
(Worker_TP0_DCP0 pid=177)     self._report_usage_once(model_architecture, usage_context, extra_kvs)
(Worker_TP0_DCP0 pid=177)   File "/opt/venv/lib/python3.12/site-packages/vllm/usage/usage_lib.py", line 217, in _report_usage_once
(Worker_TP0_DCP0 pid=177)     info = cpuinfo.get_cpu_info()
(Worker_TP0_DCP0 pid=177)            ^^^^^^^^^^^^^^^^^^^^^^
(Worker_TP0_DCP0 pid=177)   File "/opt/venv/lib/python3.12/site-packages/cpuinfo/cpuinfo.py", line 2762, in get_cpu_info
(Worker_TP0_DCP0 pid=177)     output = json.loads(output, object_hook = _utf_to_str)
(Worker_TP0_DCP0 pid=177)              ^^^^^^^^^^^^^^^^^^^^^^^^^^^^^^^^^^^^^^^^^^^^^
(Worker_TP0_DCP0 pid=177)   File "/usr/lib/python3.12/json/__init__.py", line 359, in loads
(Worker_TP0_DCP0 pid=177)     return cls(**kw).decode(s)
(Worker_TP0_DCP0 pid=177)            ^^^^^^^^^^^^^^^^^^^
(Worker_TP0_DCP0 pid=177)   File "/usr/lib/python3.12/json/decoder.py", line 337, in decode
(Worker_TP0_DCP0 pid=177)     obj, end = self.raw_decode(s, idx=_w(s, 0).end())
(Worker_TP0_DCP0 pid=177)                ^^^^^^^^^^^^^^^^^^^^^^^^^^^^^^^^^^^^^^
(Worker_TP0_DCP0 pid=177)   File "/usr/lib/python3.12/json/decoder.py", line 355, in raw_decode
(Worker_TP0_DCP0 pid=177)     raise JSONDecodeError("Expecting value", s, err.value) from None
(Worker_TP0_DCP0 pid=177) json.decoder.JSONDecodeError: Expecting value: line 1 column 2 (char 1)
(Worker_TP0_DCP0 pid=177) INFO 07-13 04:11:25 [weight_utils.py:914] Filesystem type for checkpoints: EXT4. Checkpoint size: 327.25 GiB. Available RAM: 388.10 GiB.
(Worker_TP0_DCP0 pid=177) INFO 07-13 04:11:25 [weight_utils.py:937] Auto-prefetch is disabled because the filesystem (EXT4) is not a recognized network FS (NFS/Lustre). If you want to force prefetching, start vLLM with --safetensors-load-strategy=prefetch.
(Worker_TP0_DCP0 pid=177) Loading safetensors checkpoint shards:   0% Completed | 0/81 [00:00<?, ?it/s]
(Worker_TP0_DCP0 pid=177) Loading safetensors checkpoint shards:   2% Completed | 2/81 [00:00<00:04, 16.74it/s]
(Worker_TP0_DCP0 pid=177) Loading safetensors checkpoint shards:   5% Completed | 4/81 [00:00<00:05, 14.80it/s]
(Worker_TP0_DCP0 pid=177) Loading safetensors checkpoint shards:   7% Completed | 6/81 [00:01<00:16,  4.51it/s]
(Worker_TP0_DCP0 pid=177) Loading safetensors checkpoint shards:   9% Completed | 7/81 [00:01<00:25,  2.95it/s]
(Worker_TP0_DCP0 pid=177) Loading safetensors checkpoint shards:  10% Completed | 8/81 [00:02<00:34,  2.12it/s]
(Worker_TP0_DCP0 pid=177) Loading safetensors checkpoint shards:  11% Completed | 9/81 [00:03<00:37,  1.90it/s]
(Worker_TP0_DCP0 pid=177) Loading safetensors checkpoint shards:  12% Completed | 10/81 [00:03<00:38,  1.83it/s]
(Worker_TP0_DCP0 pid=177) Loading safetensors checkpoint shards:  14% Completed | 11/81 [00:04<00:39,  1.76it/s]
(Worker_TP0_DCP0 pid=177) Loading safetensors checkpoint shards:  15% Completed | 12/81 [00:05<00:41,  1.67it/s]
(Worker_TP0_DCP0 pid=177) Loading safetensors checkpoint shards:  16% Completed | 13/81 [00:05<00:42,  1.60it/s]
(Worker_TP0_DCP0 pid=177) Loading safetensors checkpoint shards:  17% Completed | 14/81 [00:06<00:42,  1.56it/s]
(Worker_TP0_DCP0 pid=177) Loading safetensors checkpoint shards:  19% Completed | 15/81 [00:07<00:42,  1.55it/s]
(Worker_TP0_DCP0 pid=177) Loading safetensors checkpoint shards:  20% Completed | 16/81 [00:07<00:41,  1.57it/s]
(Worker_TP3_DCP3 pid=180) [hybrid_loader] tr3 stream: 20000 slices copied (rank 3), 80004 foreign-rank dropped
(Worker_TP1_DCP1 pid=178) [hybrid_loader] tr3 stream: 20000 slices copied (rank 1), 79996 foreign-rank dropped
(Worker_TP0_DCP0 pid=177) [hybrid_loader] tr3 stream: 20000 slices copied (rank 0), 79992 foreign-rank dropped
(Worker_TP2_DCP2 pid=179) [hybrid_loader] tr3 stream: 20000 slices copied (rank 2), 80000 foreign-rank dropped
(Worker_TP0_DCP0 pid=177) Loading safetensors checkpoint shards:  21% Completed | 17/81 [00:08<00:40,  1.56it/s]
(Worker_TP0_DCP0 pid=177) Loading safetensors checkpoint shards:  22% Completed | 18/81 [00:09<00:40,  1.57it/s]
(Worker_TP0_DCP0 pid=177) Loading safetensors checkpoint shards:  23% Completed | 19/81 [00:09<00:38,  1.60it/s]
(Worker_TP0_DCP0 pid=177) Loading safetensors checkpoint shards:  25% Completed | 20/81 [00:10<00:39,  1.55it/s]
(Worker_TP0_DCP0 pid=177) Loading safetensors checkpoint shards:  26% Completed | 21/81 [00:10<00:37,  1.59it/s]
(Worker_TP0_DCP0 pid=177) Loading safetensors checkpoint shards:  27% Completed | 22/81 [00:11<00:37,  1.58it/s]
(Worker_TP0_DCP0 pid=177) Loading safetensors checkpoint shards:  28% Completed | 23/81 [00:12<00:36,  1.58it/s]
(Worker_TP0_DCP0 pid=177) Loading safetensors checkpoint shards:  30% Completed | 24/81 [00:12<00:34,  1.63it/s]
(Worker_TP0_DCP0 pid=177) Loading safetensors checkpoint shards:  31% Completed | 25/81 [00:13<00:34,  1.60it/s]
(Worker_TP0_DCP0 pid=177) Loading safetensors checkpoint shards:  32% Completed | 26/81 [00:14<00:33,  1.64it/s]
(Worker_TP0_DCP0 pid=177) Loading safetensors checkpoint shards:  33% Completed | 27/81 [00:14<00:33,  1.63it/s]
(Worker_TP3_DCP3 pid=180) [hybrid_loader] tr3 stream: 40000 slices copied (rank 3), 160008 foreign-rank dropped
(Worker_TP1_DCP1 pid=178) [hybrid_loader] tr3 stream: 40000 slices copied (rank 1), 160000 foreign-rank dropped
(Worker_TP0_DCP0 pid=177) Loading safetensors checkpoint shards:  35% Completed | 28/81 [00:15<00:32,  1.63it/s]
(Worker_TP2_DCP2 pid=179) [hybrid_loader] tr3 stream: 40000 slices copied (rank 2), 160004 foreign-rank dropped
(Worker_TP0_DCP0 pid=177) [hybrid_loader] tr3 stream: 40000 slices copied (rank 0), 159996 foreign-rank dropped
(Worker_TP0_DCP0 pid=177) Loading safetensors checkpoint shards:  36% Completed | 29/81 [00:15<00:30,  1.71it/s]
(Worker_TP0_DCP0 pid=177) Loading safetensors checkpoint shards:  37% Completed | 30/81 [00:16<00:30,  1.69it/s]
(Worker_TP0_DCP0 pid=177) Loading safetensors checkpoint shards:  38% Completed | 31/81 [00:17<00:30,  1.66it/s]
(Worker_TP0_DCP0 pid=177) Loading safetensors checkpoint shards:  40% Completed | 32/81 [00:17<00:30,  1.60it/s]
(Worker_TP0_DCP0 pid=177) Loading safetensors checkpoint shards:  41% Completed | 33/81 [00:18<00:29,  1.64it/s]
(Worker_TP0_DCP0 pid=177) Loading safetensors checkpoint shards:  42% Completed | 34/81 [00:18<00:28,  1.65it/s]
(Worker_TP0_DCP0 pid=177) Loading safetensors checkpoint shards:  43% Completed | 35/81 [00:19<00:27,  1.67it/s]
(Worker_TP0_DCP0 pid=177) Loading safetensors checkpoint shards:  44% Completed | 36/81 [00:20<00:26,  1.69it/s]
(Worker_TP0_DCP0 pid=177) Loading safetensors checkpoint shards:  46% Completed | 37/81 [00:20<00:27,  1.61it/s]
(Worker_TP0_DCP0 pid=177) Loading safetensors checkpoint shards:  47% Completed | 38/81 [00:21<00:27,  1.54it/s]
(Worker_TP3_DCP3 pid=180) [hybrid_loader] tr3 stream: 60000 slices copied (rank 3), 240000 foreign-rank dropped
(Worker_TP2_DCP2 pid=179) [hybrid_loader] tr3 stream: 60000 slices copied (rank 2), 239996 foreign-rank dropped
(Worker_TP0_DCP0 pid=177) Loading safetensors checkpoint shards:  48% Completed | 39/81 [00:22<00:27,  1.54it/s]
(Worker_TP1_DCP1 pid=178) [hybrid_loader] tr3 stream: 60000 slices copied (rank 1), 239992 foreign-rank dropped
(Worker_TP0_DCP0 pid=177) [hybrid_loader] tr3 stream: 60000 slices copied (rank 0), 239988 foreign-rank dropped
(Worker_TP0_DCP0 pid=177) Loading safetensors checkpoint shards:  49% Completed | 40/81 [00:22<00:28,  1.46it/s]
(Worker_TP0_DCP0 pid=177) Loading safetensors checkpoint shards:  51% Completed | 41/81 [00:23<00:27,  1.45it/s]
(Worker_TP0_DCP0 pid=177) Loading safetensors checkpoint shards:  52% Completed | 42/81 [00:24<00:25,  1.51it/s]
(Worker_TP0_DCP0 pid=177) Loading safetensors checkpoint shards:  53% Completed | 43/81 [00:24<00:24,  1.56it/s]
(Worker_TP0_DCP0 pid=177) Loading safetensors checkpoint shards:  54% Completed | 44/81 [00:25<00:23,  1.58it/s]
(Worker_TP0_DCP0 pid=177) Loading safetensors checkpoint shards:  56% Completed | 45/81 [00:25<00:22,  1.63it/s]
(Worker_TP0_DCP0 pid=177) Loading safetensors checkpoint shards:  57% Completed | 46/81 [00:26<00:22,  1.58it/s]
(Worker_TP0_DCP0 pid=177) Loading safetensors checkpoint shards:  58% Completed | 47/81 [00:27<00:20,  1.64it/s]
(Worker_TP0_DCP0 pid=177) Loading safetensors checkpoint shards:  59% Completed | 48/81 [00:27<00:20,  1.62it/s]
(Worker_TP0_DCP0 pid=177) Loading safetensors checkpoint shards:  60% Completed | 49/81 [00:28<00:19,  1.61it/s]
(Worker_TP3_DCP3 pid=180) [hybrid_loader] tr3 stream: 80000 slices copied (rank 3), 320004 foreign-rank dropped
(Worker_TP0_DCP0 pid=177) Loading safetensors checkpoint shards:  62% Completed | 50/81 [00:29<00:19,  1.62it/s]
(Worker_TP2_DCP2 pid=179) [hybrid_loader] tr3 stream: 80000 slices copied (rank 2), 320000 foreign-rank dropped
(Worker_TP0_DCP0 pid=177) Loading safetensors checkpoint shards:  63% Completed | 51/81 [00:29<00:17,  1.67it/s]
(Worker_TP1_DCP1 pid=178) [hybrid_loader] tr3 stream: 80000 slices copied (rank 1), 319996 foreign-rank dropped
(Worker_TP0_DCP0 pid=177) [hybrid_loader] tr3 stream: 80000 slices copied (rank 0), 319992 foreign-rank dropped
(Worker_TP0_DCP0 pid=177) Loading safetensors checkpoint shards:  64% Completed | 52/81 [00:30<00:17,  1.65it/s]
(Worker_TP0_DCP0 pid=177) Loading safetensors checkpoint shards:  65% Completed | 53/81 [00:30<00:17,  1.59it/s]
(Worker_TP0_DCP0 pid=177) Loading safetensors checkpoint shards:  67% Completed | 54/81 [00:31<00:17,  1.50it/s]
(Worker_TP0_DCP0 pid=177) Loading safetensors checkpoint shards:  68% Completed | 55/81 [00:32<00:17,  1.48it/s]
(Worker_TP0_DCP0 pid=177) Loading safetensors checkpoint shards:  69% Completed | 56/81 [00:33<00:16,  1.47it/s]
(Worker_TP0_DCP0 pid=177) Loading safetensors checkpoint shards:  70% Completed | 57/81 [00:33<00:16,  1.50it/s]
(Worker_TP0_DCP0 pid=177) Loading safetensors checkpoint shards:  72% Completed | 58/81 [00:34<00:15,  1.53it/s]
(Worker_TP0_DCP0 pid=177) Loading safetensors checkpoint shards:  73% Completed | 59/81 [00:34<00:13,  1.58it/s]
(Worker_TP0_DCP0 pid=177) Loading safetensors checkpoint shards:  74% Completed | 60/81 [00:35<00:12,  1.64it/s]
(Worker_TP0_DCP0 pid=177) Loading safetensors checkpoint shards:  75% Completed | 61/81 [00:36<00:12,  1.57it/s]
(Worker_TP3_DCP3 pid=180) [hybrid_loader] tr3 stream: 100000 slices copied (rank 3), 400008 foreign-rank dropped
(Worker_TP0_DCP0 pid=177) Loading safetensors checkpoint shards:  77% Completed | 62/81 [00:36<00:12,  1.58it/s]
(Worker_TP2_DCP2 pid=179) [hybrid_loader] tr3 stream: 100000 slices copied (rank 2), 400004 foreign-rank dropped
(Worker_TP0_DCP0 pid=177) [hybrid_loader] tr3 stream: 100000 slices copied (rank 0), 399996 foreign-rank dropped
(Worker_TP0_DCP0 pid=177) Loading safetensors checkpoint shards:  78% Completed | 63/81 [00:37<00:11,  1.60it/s]
(Worker_TP1_DCP1 pid=178) [hybrid_loader] tr3 stream: 100000 slices copied (rank 1), 400000 foreign-rank dropped
(Worker_TP0_DCP0 pid=177) Loading safetensors checkpoint shards:  79% Completed | 64/81 [00:38<00:11,  1.54it/s]
(Worker_TP0_DCP0 pid=177) Loading safetensors checkpoint shards:  80% Completed | 65/81 [00:38<00:10,  1.57it/s]
(Worker_TP0_DCP0 pid=177) Loading safetensors checkpoint shards:  81% Completed | 66/81 [00:39<00:09,  1.55it/s]
(Worker_TP0_DCP0 pid=177) Loading safetensors checkpoint shards:  83% Completed | 67/81 [00:39<00:08,  1.59it/s]
(Worker_TP0_DCP0 pid=177) Loading safetensors checkpoint shards:  84% Completed | 68/81 [00:40<00:08,  1.55it/s]
(Worker_TP0_DCP0 pid=177) Loading safetensors checkpoint shards:  85% Completed | 69/81 [00:41<00:07,  1.59it/s]
(Worker_TP0_DCP0 pid=177) Loading safetensors checkpoint shards:  86% Completed | 70/81 [00:41<00:07,  1.53it/s]
(Worker_TP0_DCP0 pid=177) Loading safetensors checkpoint shards:  88% Completed | 71/81 [00:42<00:06,  1.53it/s]
(Worker_TP0_DCP0 pid=177) Loading safetensors checkpoint shards:  89% Completed | 72/81 [00:43<00:05,  1.60it/s]
(Worker_TP3_DCP3 pid=180) [hybrid_loader] tr3 stream: 120000 slices copied (rank 3), 480000 foreign-rank dropped
(Worker_TP2_DCP2 pid=179) [hybrid_loader] tr3 stream: 120000 slices copied (rank 2), 479996 foreign-rank dropped
(Worker_TP0_DCP0 pid=177) Loading safetensors checkpoint shards:  90% Completed | 73/81 [00:43<00:05,  1.46it/s]
(Worker_TP0_DCP0 pid=177) Loading safetensors checkpoint shards:  91% Completed | 74/81 [00:44<00:04,  1.48it/s]
(Worker_TP0_DCP0 pid=177) [hybrid_loader] tr3 stream: 120000 slices copied (rank 0), 479988 foreign-rank dropped
(Worker_TP0_DCP0 pid=177) Loading safetensors checkpoint shards:  93% Completed | 75/81 [00:45<00:03,  1.54it/s]
(Worker_TP1_DCP1 pid=178) [hybrid_loader] tr3 stream: 120000 slices copied (rank 1), 479992 foreign-rank dropped
(Worker_TP0_DCP0 pid=177) Loading safetensors checkpoint shards:  94% Completed | 76/81 [00:45<00:03,  1.57it/s]
(Worker_TP0_DCP0 pid=177) Loading safetensors checkpoint shards:  95% Completed | 77/81 [00:46<00:02,  1.54it/s]
(Worker_TP0_DCP0 pid=177) Loading safetensors checkpoint shards:  96% Completed | 78/81 [00:47<00:02,  1.49it/s]
(Worker_TP3_DCP3 pid=180) [hybrid_loader] tr3 stream DONE: 129600 slices copied (rank 3), 518400 foreign-rank dropped, 43200 mcg verified
(Worker_TP3_DCP3 pid=180) [hybrid_loader] tr3 ABI shim loaded: /opt/venv/lib/python3.12/site-packages/libexl3_torch212_compat.so
(Worker_TP3_DCP3 pid=180) [hybrid] layer 3: exl3_tr3 tables built (Km=192, 9 ptr tables)
(Worker_TP2_DCP2 pid=179) [hybrid_loader] tr3 stream DONE: 129600 slices copied (rank 2), 518400 foreign-rank dropped, 43200 mcg verified
(Worker_TP2_DCP2 pid=179) [hybrid_loader] tr3 ABI shim loaded: /opt/venv/lib/python3.12/site-packages/libexl3_torch212_compat.so
(Worker_TP2_DCP2 pid=179) [hybrid] layer 3: exl3_tr3 tables built (Km=192, 9 ptr tables)
(Worker_TP3_DCP3 pid=180) [hybrid] ?: b12x+exl3_tr3 built (Kn=64 via production chain + Km=192 exl3-trellis-3.0, tiles=(64, 256, 64, 256))
(Worker_TP3_DCP3 pid=180) [hybrid] layer 4: exl3_tr3 tables built (Km=192, 9 ptr tables)
(Worker_TP0_DCP0 pid=177) Loading safetensors checkpoint shards:  98% Completed | 79/81 [00:47<00:01,  1.79it/s]
(Worker_TP3_DCP3 pid=180) [hybrid] ?: b12x+exl3_tr3 built (Kn=64 via production chain + Km=192 exl3-trellis-3.0, tiles=(64, 256, 64, 256))
(Worker_TP3_DCP3 pid=180) [hybrid] layer 5: exl3_tr3 tables built (Km=192, 9 ptr tables)
(Worker_TP2_DCP2 pid=179) [hybrid] ?: b12x+exl3_tr3 built (Kn=64 via production chain + Km=192 exl3-trellis-3.0, tiles=(64, 256, 64, 256))
(Worker_TP3_DCP3 pid=180) [hybrid] ?: b12x+exl3_tr3 built (Kn=64 via production chain + Km=192 exl3-trellis-3.0, tiles=(64, 256, 64, 256))
(Worker_TP2_DCP2 pid=179) [hybrid] layer 4: exl3_tr3 tables built (Km=192, 9 ptr tables)
(Worker_TP3_DCP3 pid=180) [hybrid] layer 6: exl3_tr3 tables built (Km=192, 9 ptr tables)
(Worker_TP2_DCP2 pid=179) [hybrid] ?: b12x+exl3_tr3 built (Kn=64 via production chain + Km=192 exl3-trellis-3.0, tiles=(64, 256, 64, 256))
(Worker_TP3_DCP3 pid=180) [hybrid] ?: b12x+exl3_tr3 built (Kn=64 via production chain + Km=192 exl3-trellis-3.0, tiles=(64, 256, 64, 256))
(Worker_TP2_DCP2 pid=179) [hybrid] layer 5: exl3_tr3 tables built (Km=192, 9 ptr tables)
(Worker_TP3_DCP3 pid=180) [hybrid] layer 7: exl3_tr3 tables built (Km=192, 9 ptr tables)
(Worker_TP3_DCP3 pid=180) [hybrid] ?: b12x+exl3_tr3 built (Kn=64 via production chain + Km=192 exl3-trellis-3.0, tiles=(64, 256, 64, 256))
(Worker_TP3_DCP3 pid=180) [hybrid] layer 8: exl3_tr3 tables built (Km=192, 9 ptr tables)
(Worker_TP2_DCP2 pid=179) [hybrid] ?: b12x+exl3_tr3 built (Kn=64 via production chain + Km=192 exl3-trellis-3.0, tiles=(64, 256, 64, 256))
(Worker_TP2_DCP2 pid=179) [hybrid] layer 6: exl3_tr3 tables built (Km=192, 9 ptr tables)
(Worker_TP0_DCP0 pid=177) Loading safetensors checkpoint shards:  99% Completed | 80/81 [00:47<00:00,  2.15it/s]
(Worker_TP3_DCP3 pid=180) [hybrid] ?: b12x+exl3_tr3 built (Kn=64 via production chain + Km=192 exl3-trellis-3.0, tiles=(64, 256, 64, 256))
(Worker_TP3_DCP3 pid=180) [hybrid] layer 9: exl3_tr3 tables built (Km=192, 9 ptr tables)
(Worker_TP2_DCP2 pid=179) [hybrid] ?: b12x+exl3_tr3 built (Kn=64 via production chain + Km=192 exl3-trellis-3.0, tiles=(64, 256, 64, 256))
(Worker_TP2_DCP2 pid=179) [hybrid] layer 7: exl3_tr3 tables built (Km=192, 9 ptr tables)
(Worker_TP0_DCP0 pid=177) Loading safetensors checkpoint shards: 100% Completed | 81/81 [00:47<00:00,  1.70it/s]
(Worker_TP0_DCP0 pid=177) 
(Worker_TP0_DCP0 pid=177) [hybrid_loader] tr3 stream DONE: 129600 slices copied (rank 0), 518400 foreign-rank dropped, 43200 mcg verified
(Worker_TP0_DCP0 pid=177) INFO 07-13 04:12:13 [default_loader.py:451] Loading weights took 47.81 seconds
(Worker_TP0_DCP0 pid=177) WARNING 07-13 04:12:13 [kv_cache.py:134] Checkpoint does not provide a q scaling factor. Setting it to k_scale. This only matters for FP8 Attention backends (flash-attn or flashinfer).
(Worker_TP0_DCP0 pid=177) WARNING 07-13 04:12:13 [kv_cache.py:148] Using KV cache scaling factor 1.0 for fp8_e4m3. If this is unintended, verify that k/v_scale scaling factors are properly set in the checkpoint.
(Worker_TP3_DCP3 pid=180) [hybrid] ?: b12x+exl3_tr3 built (Kn=64 via production chain + Km=192 exl3-trellis-3.0, tiles=(64, 256, 64, 256))
(Worker_TP3_DCP3 pid=180) [hybrid] layer 10: exl3_tr3 tables built (Km=192, 9 ptr tables)
(Worker_TP2_DCP2 pid=179) [hybrid] ?: b12x+exl3_tr3 built (Kn=64 via production chain + Km=192 exl3-trellis-3.0, tiles=(64, 256, 64, 256))
(Worker_TP2_DCP2 pid=179) [hybrid] layer 8: exl3_tr3 tables built (Km=192, 9 ptr tables)
(Worker_TP0_DCP0 pid=177) [hybrid_loader] tr3 ABI shim loaded: /opt/venv/lib/python3.12/site-packages/libexl3_torch212_compat.so
(Worker_TP0_DCP0 pid=177) [hybrid] layer 3: exl3_tr3 tables built (Km=192, 9 ptr tables)
(Worker_TP3_DCP3 pid=180) [hybrid] ?: b12x+exl3_tr3 built (Kn=64 via production chain + Km=192 exl3-trellis-3.0, tiles=(64, 256, 64, 256))
(Worker_TP1_DCP1 pid=178) [hybrid_loader] tr3 stream DONE: 129600 slices copied (rank 1), 518400 foreign-rank dropped, 43200 mcg verified
(Worker_TP3_DCP3 pid=180) [hybrid] layer 11: exl3_tr3 tables built (Km=192, 9 ptr tables)
(Worker_TP2_DCP2 pid=179) [hybrid] ?: b12x+exl3_tr3 built (Kn=64 via production chain + Km=192 exl3-trellis-3.0, tiles=(64, 256, 64, 256))
(Worker_TP2_DCP2 pid=179) [hybrid] layer 9: exl3_tr3 tables built (Km=192, 9 ptr tables)
(Worker_TP1_DCP1 pid=178) [hybrid_loader] tr3 ABI shim loaded: /opt/venv/lib/python3.12/site-packages/libexl3_torch212_compat.so
(Worker_TP3_DCP3 pid=180) [hybrid] ?: b12x+exl3_tr3 built (Kn=64 via production chain + Km=192 exl3-trellis-3.0, tiles=(64, 256, 64, 256))
(Worker_TP1_DCP1 pid=178) [hybrid] layer 3: exl3_tr3 tables built (Km=192, 9 ptr tables)
(Worker_TP3_DCP3 pid=180) [hybrid] layer 12: exl3_tr3 tables built (Km=192, 9 ptr tables)
(Worker_TP2_DCP2 pid=179) [hybrid] ?: b12x+exl3_tr3 built (Kn=64 via production chain + Km=192 exl3-trellis-3.0, tiles=(64, 256, 64, 256))
(Worker_TP2_DCP2 pid=179) [hybrid] layer 10: exl3_tr3 tables built (Km=192, 9 ptr tables)
(Worker_TP3_DCP3 pid=180) [hybrid] ?: b12x+exl3_tr3 built (Kn=64 via production chain + Km=192 exl3-trellis-3.0, tiles=(64, 256, 64, 256))
(Worker_TP3_DCP3 pid=180) [hybrid] layer 13: exl3_tr3 tables built (Km=192, 9 ptr tables)
(Worker_TP2_DCP2 pid=179) [hybrid] ?: b12x+exl3_tr3 built (Kn=64 via production chain + Km=192 exl3-trellis-3.0, tiles=(64, 256, 64, 256))
(Worker_TP2_DCP2 pid=179) [hybrid] layer 11: exl3_tr3 tables built (Km=192, 9 ptr tables)
(Worker_TP0_DCP0 pid=177) [hybrid] ?: b12x+exl3_tr3 built (Kn=64 via production chain + Km=192 exl3-trellis-3.0, tiles=(64, 256, 64, 256))
(Worker_TP0_DCP0 pid=177) [hybrid] layer 4: exl3_tr3 tables built (Km=192, 9 ptr tables)
(Worker_TP3_DCP3 pid=180) [hybrid] ?: b12x+exl3_tr3 built (Kn=64 via production chain + Km=192 exl3-trellis-3.0, tiles=(64, 256, 64, 256))
(Worker_TP3_DCP3 pid=180) [hybrid] layer 14: exl3_tr3 tables built (Km=192, 9 ptr tables)
(Worker_TP2_DCP2 pid=179) [hybrid] ?: b12x+exl3_tr3 built (Kn=64 via production chain + Km=192 exl3-trellis-3.0, tiles=(64, 256, 64, 256))
(Worker_TP2_DCP2 pid=179) [hybrid] layer 12: exl3_tr3 tables built (Km=192, 9 ptr tables)
(Worker_TP0_DCP0 pid=177) [hybrid] ?: b12x+exl3_tr3 built (Kn=64 via production chain + Km=192 exl3-trellis-3.0, tiles=(64, 256, 64, 256))
(Worker_TP0_DCP0 pid=177) [hybrid] layer 5: exl3_tr3 tables built (Km=192, 9 ptr tables)
(Worker_TP1_DCP1 pid=178) (Worker_TP3_DCP3 pid=180) [hybrid] ?: b12x+exl3_tr3 built (Kn=64 via production chain + Km=192 exl3-trellis-3.0, tiles=(64, 256, 64, 256))[hybrid] ?: b12x+exl3_tr3 built (Kn=64 via production chain + Km=192 exl3-trellis-3.0, tiles=(64, 256, 64, 256))

(Worker_TP3_DCP3 pid=180) [hybrid] layer 15: exl3_tr3 tables built (Km=192, 9 ptr tables)
(Worker_TP1_DCP1 pid=178) [hybrid] layer 4: exl3_tr3 tables built (Km=192, 9 ptr tables)
(Worker_TP2_DCP2 pid=179) [hybrid] ?: b12x+exl3_tr3 built (Kn=64 via production chain + Km=192 exl3-trellis-3.0, tiles=(64, 256, 64, 256))
(Worker_TP2_DCP2 pid=179) [hybrid] layer 13: exl3_tr3 tables built (Km=192, 9 ptr tables)
(Worker_TP0_DCP0 pid=177) [hybrid] ?: b12x+exl3_tr3 built (Kn=64 via production chain + Km=192 exl3-trellis-3.0, tiles=(64, 256, 64, 256))
(Worker_TP0_DCP0 pid=177) [hybrid] layer 6: exl3_tr3 tables built (Km=192, 9 ptr tables)
(Worker_TP1_DCP1 pid=178) [hybrid] ?: b12x+exl3_tr3 built (Kn=64 via production chain + Km=192 exl3-trellis-3.0, tiles=(64, 256, 64, 256))
(Worker_TP3_DCP3 pid=180) [hybrid] ?: b12x+exl3_tr3 built (Kn=64 via production chain + Km=192 exl3-trellis-3.0, tiles=(64, 256, 64, 256))
(Worker_TP1_DCP1 pid=178) [hybrid] layer 5: exl3_tr3 tables built (Km=192, 9 ptr tables)
(Worker_TP3_DCP3 pid=180) [hybrid] layer 16: exl3_tr3 tables built (Km=192, 9 ptr tables)
(Worker_TP2_DCP2 pid=179) [hybrid] ?: b12x+exl3_tr3 built (Kn=64 via production chain + Km=192 exl3-trellis-3.0, tiles=(64, 256, 64, 256))
(Worker_TP2_DCP2 pid=179) [hybrid] layer 14: exl3_tr3 tables built (Km=192, 9 ptr tables)
(Worker_TP0_DCP0 pid=177) [hybrid] ?: b12x+exl3_tr3 built (Kn=64 via production chain + Km=192 exl3-trellis-3.0, tiles=(64, 256, 64, 256))
(Worker_TP0_DCP0 pid=177) [hybrid] layer 7: exl3_tr3 tables built (Km=192, 9 ptr tables)
(Worker_TP1_DCP1 pid=178) [hybrid] ?: b12x+exl3_tr3 built (Kn=64 via production chain + Km=192 exl3-trellis-3.0, tiles=(64, 256, 64, 256))
(Worker_TP3_DCP3 pid=180) [hybrid] ?: b12x+exl3_tr3 built (Kn=64 via production chain + Km=192 exl3-trellis-3.0, tiles=(64, 256, 64, 256))
(Worker_TP1_DCP1 pid=178) [hybrid] layer 6: exl3_tr3 tables built (Km=192, 9 ptr tables)
(Worker_TP3_DCP3 pid=180) [hybrid] layer 17: exl3_tr3 tables built (Km=192, 9 ptr tables)
(Worker_TP2_DCP2 pid=179) [hybrid] ?: b12x+exl3_tr3 built (Kn=64 via production chain + Km=192 exl3-trellis-3.0, tiles=(64, 256, 64, 256))
(Worker_TP2_DCP2 pid=179) [hybrid] layer 15: exl3_tr3 tables built (Km=192, 9 ptr tables)
(Worker_TP0_DCP0 pid=177) [hybrid] ?: b12x+exl3_tr3 built (Kn=64 via production chain + Km=192 exl3-trellis-3.0, tiles=(64, 256, 64, 256))
(Worker_TP0_DCP0 pid=177) [hybrid] layer 8: exl3_tr3 tables built (Km=192, 9 ptr tables)
(Worker_TP1_DCP1 pid=178) [hybrid] ?: b12x+exl3_tr3 built (Kn=64 via production chain + Km=192 exl3-trellis-3.0, tiles=(64, 256, 64, 256))
(Worker_TP3_DCP3 pid=180) [hybrid] ?: b12x+exl3_tr3 built (Kn=64 via production chain + Km=192 exl3-trellis-3.0, tiles=(64, 256, 64, 256))
(Worker_TP1_DCP1 pid=178) [hybrid] layer 7: exl3_tr3 tables built (Km=192, 9 ptr tables)
(Worker_TP2_DCP2 pid=179) [hybrid] ?: b12x+exl3_tr3 built (Kn=64 via production chain + Km=192 exl3-trellis-3.0, tiles=(64, 256, 64, 256))
(Worker_TP3_DCP3 pid=180) [hybrid] layer 18: exl3_tr3 tables built (Km=192, 9 ptr tables)
(Worker_TP2_DCP2 pid=179) [hybrid] layer 16: exl3_tr3 tables built (Km=192, 9 ptr tables)
(Worker_TP0_DCP0 pid=177) [hybrid] ?: b12x+exl3_tr3 built (Kn=64 via production chain + Km=192 exl3-trellis-3.0, tiles=(64, 256, 64, 256))
(Worker_TP0_DCP0 pid=177) [hybrid] layer 9: exl3_tr3 tables built (Km=192, 9 ptr tables)
(Worker_TP3_DCP3 pid=180) [hybrid] ?: b12x+exl3_tr3 built (Kn=64 via production chain + Km=192 exl3-trellis-3.0, tiles=(64, 256, 64, 256))
(Worker_TP1_DCP1 pid=178) [hybrid] ?: b12x+exl3_tr3 built (Kn=64 via production chain + Km=192 exl3-trellis-3.0, tiles=(64, 256, 64, 256))
(Worker_TP3_DCP3 pid=180) [hybrid] layer 19: exl3_tr3 tables built (Km=192, 9 ptr tables)
(Worker_TP2_DCP2 pid=179) [hybrid] ?: b12x+exl3_tr3 built (Kn=64 via production chain + Km=192 exl3-trellis-3.0, tiles=(64, 256, 64, 256))
(Worker_TP1_DCP1 pid=178) [hybrid] layer 8: exl3_tr3 tables built (Km=192, 9 ptr tables)
(Worker_TP2_DCP2 pid=179) [hybrid] layer 17: exl3_tr3 tables built (Km=192, 9 ptr tables)
(Worker_TP0_DCP0 pid=177) [hybrid] ?: b12x+exl3_tr3 built (Kn=64 via production chain + Km=192 exl3-trellis-3.0, tiles=(64, 256, 64, 256))
(Worker_TP0_DCP0 pid=177) [hybrid] layer 10: exl3_tr3 tables built (Km=192, 9 ptr tables)
(Worker_TP3_DCP3 pid=180) [hybrid] ?: b12x+exl3_tr3 built (Kn=64 via production chain + Km=192 exl3-trellis-3.0, tiles=(64, 256, 64, 256))
(Worker_TP3_DCP3 pid=180) [hybrid] layer 20: exl3_tr3 tables built (Km=192, 9 ptr tables)
(Worker_TP2_DCP2 pid=179) [hybrid] ?: b12x+exl3_tr3 built (Kn=64 via production chain + Km=192 exl3-trellis-3.0, tiles=(64, 256, 64, 256))
(Worker_TP1_DCP1 pid=178) [hybrid] ?: b12x+exl3_tr3 built (Kn=64 via production chain + Km=192 exl3-trellis-3.0, tiles=(64, 256, 64, 256))
(Worker_TP2_DCP2 pid=179) [hybrid] layer 18: exl3_tr3 tables built (Km=192, 9 ptr tables)
(Worker_TP1_DCP1 pid=178) [hybrid] layer 9: exl3_tr3 tables built (Km=192, 9 ptr tables)
(Worker_TP0_DCP0 pid=177) [hybrid] ?: b12x+exl3_tr3 built (Kn=64 via production chain + Km=192 exl3-trellis-3.0, tiles=(64, 256, 64, 256))
(Worker_TP0_DCP0 pid=177) [hybrid] layer 11: exl3_tr3 tables built (Km=192, 9 ptr tables)
(Worker_TP3_DCP3 pid=180) [hybrid] ?: b12x+exl3_tr3 built (Kn=64 via production chain + Km=192 exl3-trellis-3.0, tiles=(64, 256, 64, 256))
(Worker_TP3_DCP3 pid=180) [hybrid] layer 21: exl3_tr3 tables built (Km=192, 9 ptr tables)
(Worker_TP2_DCP2 pid=179) [hybrid] ?: b12x+exl3_tr3 built (Kn=64 via production chain + Km=192 exl3-trellis-3.0, tiles=(64, 256, 64, 256))
(Worker_TP2_DCP2 pid=179) [hybrid] layer 19: exl3_tr3 tables built (Km=192, 9 ptr tables)
(Worker_TP1_DCP1 pid=178) [hybrid] ?: b12x+exl3_tr3 built (Kn=64 via production chain + Km=192 exl3-trellis-3.0, tiles=(64, 256, 64, 256))
(Worker_TP1_DCP1 pid=178) [hybrid] layer 10: exl3_tr3 tables built (Km=192, 9 ptr tables)
(Worker_TP0_DCP0 pid=177) [hybrid] ?: b12x+exl3_tr3 built (Kn=64 via production chain + Km=192 exl3-trellis-3.0, tiles=(64, 256, 64, 256))
(Worker_TP0_DCP0 pid=177) [hybrid] layer 12: exl3_tr3 tables built (Km=192, 9 ptr tables)
(Worker_TP3_DCP3 pid=180) [hybrid] ?: b12x+exl3_tr3 built (Kn=64 via production chain + Km=192 exl3-trellis-3.0, tiles=(64, 256, 64, 256))
(Worker_TP3_DCP3 pid=180) [hybrid] layer 22: exl3_tr3 tables built (Km=192, 9 ptr tables)
(Worker_TP2_DCP2 pid=179) [hybrid] ?: b12x+exl3_tr3 built (Kn=64 via production chain + Km=192 exl3-trellis-3.0, tiles=(64, 256, 64, 256))
(Worker_TP2_DCP2 pid=179) [hybrid] layer 20: exl3_tr3 tables built (Km=192, 9 ptr tables)
(Worker_TP1_DCP1 pid=178) [hybrid] ?: b12x+exl3_tr3 built (Kn=64 via production chain + Km=192 exl3-trellis-3.0, tiles=(64, 256, 64, 256))
(Worker_TP1_DCP1 pid=178) [hybrid] layer 11: exl3_tr3 tables built (Km=192, 9 ptr tables)
(Worker_TP0_DCP0 pid=177) [hybrid] ?: b12x+exl3_tr3 built (Kn=64 via production chain + Km=192 exl3-trellis-3.0, tiles=(64, 256, 64, 256))
(Worker_TP0_DCP0 pid=177) [hybrid] layer 13: exl3_tr3 tables built (Km=192, 9 ptr tables)
(Worker_TP3_DCP3 pid=180) [hybrid] ?: b12x+exl3_tr3 built (Kn=64 via production chain + Km=192 exl3-trellis-3.0, tiles=(64, 256, 64, 256))
(Worker_TP3_DCP3 pid=180) [hybrid] layer 23: exl3_tr3 tables built (Km=192, 9 ptr tables)
(Worker_TP2_DCP2 pid=179) [hybrid] ?: b12x+exl3_tr3 built (Kn=64 via production chain + Km=192 exl3-trellis-3.0, tiles=(64, 256, 64, 256))
(Worker_TP2_DCP2 pid=179) [hybrid] layer 21: exl3_tr3 tables built (Km=192, 9 ptr tables)
(Worker_TP1_DCP1 pid=178) [hybrid] ?: b12x+exl3_tr3 built (Kn=64 via production chain + Km=192 exl3-trellis-3.0, tiles=(64, 256, 64, 256))
(Worker_TP1_DCP1 pid=178) [hybrid] layer 12: exl3_tr3 tables built (Km=192, 9 ptr tables)
(Worker_TP0_DCP0 pid=177) [hybrid] ?: b12x+exl3_tr3 built (Kn=64 via production chain + Km=192 exl3-trellis-3.0, tiles=(64, 256, 64, 256))
(Worker_TP0_DCP0 pid=177) [hybrid] layer 14: exl3_tr3 tables built (Km=192, 9 ptr tables)
(Worker_TP3_DCP3 pid=180) [hybrid] ?: b12x+exl3_tr3 built (Kn=64 via production chain + Km=192 exl3-trellis-3.0, tiles=(64, 256, 64, 256))
(Worker_TP3_DCP3 pid=180) [hybrid] layer 24: exl3_tr3 tables built (Km=192, 9 ptr tables)
(Worker_TP2_DCP2 pid=179) [hybrid] ?: b12x+exl3_tr3 built (Kn=64 via production chain + Km=192 exl3-trellis-3.0, tiles=(64, 256, 64, 256))
(Worker_TP2_DCP2 pid=179) [hybrid] layer 22: exl3_tr3 tables built (Km=192, 9 ptr tables)
(Worker_TP1_DCP1 pid=178) [hybrid] ?: b12x+exl3_tr3 built (Kn=64 via production chain + Km=192 exl3-trellis-3.0, tiles=(64, 256, 64, 256))
(Worker_TP1_DCP1 pid=178) [hybrid] layer 13: exl3_tr3 tables built (Km=192, 9 ptr tables)
(Worker_TP0_DCP0 pid=177) [hybrid] ?: b12x+exl3_tr3 built (Kn=64 via production chain + Km=192 exl3-trellis-3.0, tiles=(64, 256, 64, 256))
(Worker_TP0_DCP0 pid=177) [hybrid] layer 15: exl3_tr3 tables built (Km=192, 9 ptr tables)
(Worker_TP3_DCP3 pid=180) [hybrid] ?: b12x+exl3_tr3 built (Kn=64 via production chain + Km=192 exl3-trellis-3.0, tiles=(64, 256, 64, 256))
(Worker_TP3_DCP3 pid=180) [hybrid] layer 25: exl3_tr3 tables built (Km=192, 9 ptr tables)
(Worker_TP2_DCP2 pid=179) [hybrid] ?: b12x+exl3_tr3 built (Kn=64 via production chain + Km=192 exl3-trellis-3.0, tiles=(64, 256, 64, 256))
(Worker_TP2_DCP2 pid=179) [hybrid] layer 23: exl3_tr3 tables built (Km=192, 9 ptr tables)
(Worker_TP1_DCP1 pid=178) [hybrid] ?: b12x+exl3_tr3 built (Kn=64 via production chain + Km=192 exl3-trellis-3.0, tiles=(64, 256, 64, 256))
(Worker_TP1_DCP1 pid=178) [hybrid] layer 14: exl3_tr3 tables built (Km=192, 9 ptr tables)
(Worker_TP0_DCP0 pid=177) [hybrid] ?: b12x+exl3_tr3 built (Kn=64 via production chain + Km=192 exl3-trellis-3.0, tiles=(64, 256, 64, 256))
(Worker_TP0_DCP0 pid=177) [hybrid] layer 16: exl3_tr3 tables built (Km=192, 9 ptr tables)
(Worker_TP3_DCP3 pid=180) [hybrid] ?: b12x+exl3_tr3 built (Kn=64 via production chain + Km=192 exl3-trellis-3.0, tiles=(64, 256, 64, 256))
(Worker_TP3_DCP3 pid=180) [hybrid] layer 26: exl3_tr3 tables built (Km=192, 9 ptr tables)
(Worker_TP2_DCP2 pid=179) [hybrid] ?: b12x+exl3_tr3 built (Kn=64 via production chain + Km=192 exl3-trellis-3.0, tiles=(64, 256, 64, 256))
(Worker_TP2_DCP2 pid=179) [hybrid] layer 24: exl3_tr3 tables built (Km=192, 9 ptr tables)
(Worker_TP1_DCP1 pid=178) [hybrid] ?: b12x+exl3_tr3 built (Kn=64 via production chain + Km=192 exl3-trellis-3.0, tiles=(64, 256, 64, 256))
(Worker_TP0_DCP0 pid=177) [hybrid] ?: b12x+exl3_tr3 built (Kn=64 via production chain + Km=192 exl3-trellis-3.0, tiles=(64, 256, 64, 256))
(Worker_TP1_DCP1 pid=178) [hybrid] layer 15: exl3_tr3 tables built (Km=192, 9 ptr tables)
(Worker_TP0_DCP0 pid=177) [hybrid] layer 17: exl3_tr3 tables built (Km=192, 9 ptr tables)
(Worker_TP3_DCP3 pid=180) [hybrid] ?: b12x+exl3_tr3 built (Kn=64 via production chain + Km=192 exl3-trellis-3.0, tiles=(64, 256, 64, 256))
(Worker_TP3_DCP3 pid=180) [hybrid] layer 27: exl3_tr3 tables built (Km=192, 9 ptr tables)
(Worker_TP2_DCP2 pid=179) [hybrid] ?: b12x+exl3_tr3 built (Kn=64 via production chain + Km=192 exl3-trellis-3.0, tiles=(64, 256, 64, 256))
(Worker_TP2_DCP2 pid=179) [hybrid] layer 25: exl3_tr3 tables built (Km=192, 9 ptr tables)
(Worker_TP1_DCP1 pid=178) [hybrid] ?: b12x+exl3_tr3 built (Kn=64 via production chain + Km=192 exl3-trellis-3.0, tiles=(64, 256, 64, 256))
(Worker_TP1_DCP1 pid=178) [hybrid] layer 16: exl3_tr3 tables built (Km=192, 9 ptr tables)
(Worker_TP0_DCP0 pid=177) [hybrid] ?: b12x+exl3_tr3 built (Kn=64 via production chain + Km=192 exl3-trellis-3.0, tiles=(64, 256, 64, 256))
(Worker_TP0_DCP0 pid=177) [hybrid] layer 18: exl3_tr3 tables built (Km=192, 9 ptr tables)
(Worker_TP3_DCP3 pid=180) [hybrid] ?: b12x+exl3_tr3 built (Kn=64 via production chain + Km=192 exl3-trellis-3.0, tiles=(64, 256, 64, 256))
(Worker_TP3_DCP3 pid=180) [hybrid] layer 28: exl3_tr3 tables built (Km=192, 9 ptr tables)
(Worker_TP2_DCP2 pid=179) [hybrid] ?: b12x+exl3_tr3 built (Kn=64 via production chain + Km=192 exl3-trellis-3.0, tiles=(64, 256, 64, 256))
(Worker_TP2_DCP2 pid=179) [hybrid] layer 26: exl3_tr3 tables built (Km=192, 9 ptr tables)
(Worker_TP1_DCP1 pid=178) [hybrid] ?: b12x+exl3_tr3 built (Kn=64 via production chain + Km=192 exl3-trellis-3.0, tiles=(64, 256, 64, 256))
(Worker_TP1_DCP1 pid=178) [hybrid] layer 17: exl3_tr3 tables built (Km=192, 9 ptr tables)
(Worker_TP0_DCP0 pid=177) [hybrid] ?: b12x+exl3_tr3 built (Kn=64 via production chain + Km=192 exl3-trellis-3.0, tiles=(64, 256, 64, 256))
(Worker_TP0_DCP0 pid=177) [hybrid] layer 19: exl3_tr3 tables built (Km=192, 9 ptr tables)
(Worker_TP3_DCP3 pid=180) [hybrid] ?: b12x+exl3_tr3 built (Kn=64 via production chain + Km=192 exl3-trellis-3.0, tiles=(64, 256, 64, 256))
(Worker_TP3_DCP3 pid=180) [hybrid] layer 29: exl3_tr3 tables built (Km=192, 9 ptr tables)
(Worker_TP2_DCP2 pid=179) [hybrid] ?: b12x+exl3_tr3 built (Kn=64 via production chain + Km=192 exl3-trellis-3.0, tiles=(64, 256, 64, 256))
(Worker_TP2_DCP2 pid=179) [hybrid] layer 27: exl3_tr3 tables built (Km=192, 9 ptr tables)
(Worker_TP1_DCP1 pid=178) [hybrid] ?: b12x+exl3_tr3 built (Kn=64 via production chain + Km=192 exl3-trellis-3.0, tiles=(64, 256, 64, 256))
(Worker_TP0_DCP0 pid=177) [hybrid] ?: b12x+exl3_tr3 built (Kn=64 via production chain + Km=192 exl3-trellis-3.0, tiles=(64, 256, 64, 256))
(Worker_TP1_DCP1 pid=178) [hybrid] layer 18: exl3_tr3 tables built (Km=192, 9 ptr tables)
(Worker_TP0_DCP0 pid=177) [hybrid] layer 20: exl3_tr3 tables built (Km=192, 9 ptr tables)
(Worker_TP3_DCP3 pid=180) [hybrid] ?: b12x+exl3_tr3 built (Kn=64 via production chain + Km=192 exl3-trellis-3.0, tiles=(64, 256, 64, 256))
(Worker_TP3_DCP3 pid=180) [hybrid] layer 30: exl3_tr3 tables built (Km=192, 9 ptr tables)
(Worker_TP2_DCP2 pid=179) [hybrid] ?: b12x+exl3_tr3 built (Kn=64 via production chain + Km=192 exl3-trellis-3.0, tiles=(64, 256, 64, 256))
(Worker_TP2_DCP2 pid=179) [hybrid] layer 28: exl3_tr3 tables built (Km=192, 9 ptr tables)
(Worker_TP1_DCP1 pid=178) [hybrid] ?: b12x+exl3_tr3 built (Kn=64 via production chain + Km=192 exl3-trellis-3.0, tiles=(64, 256, 64, 256))
(Worker_TP0_DCP0 pid=177) [hybrid] ?: b12x+exl3_tr3 built (Kn=64 via production chain + Km=192 exl3-trellis-3.0, tiles=(64, 256, 64, 256))
(Worker_TP1_DCP1 pid=178) [hybrid] layer 19: exl3_tr3 tables built (Km=192, 9 ptr tables)
(Worker_TP0_DCP0 pid=177) [hybrid] layer 21: exl3_tr3 tables built (Km=192, 9 ptr tables)
(Worker_TP3_DCP3 pid=180) [hybrid] ?: b12x+exl3_tr3 built (Kn=64 via production chain + Km=192 exl3-trellis-3.0, tiles=(64, 256, 64, 256))
(Worker_TP3_DCP3 pid=180) [hybrid] layer 31: exl3_tr3 tables built (Km=192, 9 ptr tables)
(Worker_TP2_DCP2 pid=179) [hybrid] ?: b12x+exl3_tr3 built (Kn=64 via production chain + Km=192 exl3-trellis-3.0, tiles=(64, 256, 64, 256))
(Worker_TP2_DCP2 pid=179) [hybrid] layer 29: exl3_tr3 tables built (Km=192, 9 ptr tables)
(Worker_TP1_DCP1 pid=178) [hybrid] ?: b12x+exl3_tr3 built (Kn=64 via production chain + Km=192 exl3-trellis-3.0, tiles=(64, 256, 64, 256))
(Worker_TP0_DCP0 pid=177) [hybrid] ?: b12x+exl3_tr3 built (Kn=64 via production chain + Km=192 exl3-trellis-3.0, tiles=(64, 256, 64, 256))
(Worker_TP1_DCP1 pid=178) [hybrid] layer 20: exl3_tr3 tables built (Km=192, 9 ptr tables)
(Worker_TP0_DCP0 pid=177) [hybrid] layer 22: exl3_tr3 tables built (Km=192, 9 ptr tables)
(Worker_TP3_DCP3 pid=180) [hybrid] ?: b12x+exl3_tr3 built (Kn=64 via production chain + Km=192 exl3-trellis-3.0, tiles=(64, 256, 64, 256))
(Worker_TP3_DCP3 pid=180) [hybrid] layer 32: exl3_tr3 tables built (Km=192, 9 ptr tables)
(Worker_TP2_DCP2 pid=179) [hybrid] ?: b12x+exl3_tr3 built (Kn=64 via production chain + Km=192 exl3-trellis-3.0, tiles=(64, 256, 64, 256))
(Worker_TP2_DCP2 pid=179) [hybrid] layer 30: exl3_tr3 tables built (Km=192, 9 ptr tables)
(Worker_TP1_DCP1 pid=178) [hybrid] ?: b12x+exl3_tr3 built (Kn=64 via production chain + Km=192 exl3-trellis-3.0, tiles=(64, 256, 64, 256))
(Worker_TP0_DCP0 pid=177) [hybrid] ?: b12x+exl3_tr3 built (Kn=64 via production chain + Km=192 exl3-trellis-3.0, tiles=(64, 256, 64, 256))
(Worker_TP1_DCP1 pid=178) [hybrid] layer 21: exl3_tr3 tables built (Km=192, 9 ptr tables)
(Worker_TP0_DCP0 pid=177) [hybrid] layer 23: exl3_tr3 tables built (Km=192, 9 ptr tables)
(Worker_TP3_DCP3 pid=180) [hybrid] ?: b12x+exl3_tr3 built (Kn=64 via production chain + Km=192 exl3-trellis-3.0, tiles=(64, 256, 64, 256))
(Worker_TP3_DCP3 pid=180) [hybrid] layer 33: exl3_tr3 tables built (Km=192, 9 ptr tables)
(Worker_TP2_DCP2 pid=179) [hybrid] ?: b12x+exl3_tr3 built (Kn=64 via production chain + Km=192 exl3-trellis-3.0, tiles=(64, 256, 64, 256))
